
Memory Configuration

Name             Origin             Length             Attributes
text             0x0000000000000000 0x0000000000100000 xr
data             0x0000000000802000 0x000000000000ffa0 rw !x
eeprom           0x0000000000810000 0x0000000000010000 rw !x
fuse             0x0000000000820000 0x0000000000000400 rw !x
lock             0x0000000000830000 0x0000000000000400 rw !x
signature        0x0000000000840000 0x0000000000000400 rw !x
user_signatures  0x0000000000850000 0x0000000000000400 rw !x
*default*        0x0000000000000000 0xffffffffffffffff

Linker script and memory map

Address of section .data set to 0x802800
                0x0000000000004000                __RODATA_PM_OFFSET__ = 0x4000
Address of section .text set to 0x0
Address of section .application set to 0x200
Address of section .version set to 0x1fe
LOAD /tmp/ccj9tUBi.o
                0x0000000000100000                __TEXT_REGION_LENGTH__ = DEFINED (__TEXT_REGION_LENGTH__)?__TEXT_REGION_LENGTH__:0x100000
                0x000000000000ffa0                __DATA_REGION_LENGTH__ = DEFINED (__DATA_REGION_LENGTH__)?__DATA_REGION_LENGTH__:0xffa0
                0x0000000000010000                __EEPROM_REGION_LENGTH__ = DEFINED (__EEPROM_REGION_LENGTH__)?__EEPROM_REGION_LENGTH__:0x10000
                0x0000000000000400                __FUSE_REGION_LENGTH__ = DEFINED (__FUSE_REGION_LENGTH__)?__FUSE_REGION_LENGTH__:0x400
                0x0000000000000400                __LOCK_REGION_LENGTH__ = DEFINED (__LOCK_REGION_LENGTH__)?__LOCK_REGION_LENGTH__:0x400
                0x0000000000000400                __SIGNATURE_REGION_LENGTH__ = DEFINED (__SIGNATURE_REGION_LENGTH__)?__SIGNATURE_REGION_LENGTH__:0x400
                0x0000000000000400                __USER_SIGNATURE_REGION_LENGTH__ = DEFINED (__USER_SIGNATURE_REGION_LENGTH__)?__USER_SIGNATURE_REGION_LENGTH__:0x400
                0x0000000000008000                __RODATA_PM_OFFSET__ = DEFINED (__RODATA_PM_OFFSET__)?__RODATA_PM_OFFSET__:0x8000
                0x0000000000802000                __DATA_REGION_ORIGIN__ = DEFINED (__DATA_REGION_ORIGIN__)?__DATA_REGION_ORIGIN__:0x802000

.hash
 *(.hash)

.dynsym
 *(.dynsym)

.dynstr
 *(.dynstr)

.gnu.version
 *(.gnu.version)

.gnu.version_d
 *(.gnu.version_d)

.gnu.version_r
 *(.gnu.version_r)

.rel.init
 *(.rel.init)

.rela.init
 *(.rela.init)

.rel.text
 *(.rel.text)
 *(.rel.text.*)
 *(.rel.gnu.linkonce.t*)

.rela.text
 *(.rela.text)
 *(.rela.text.*)
 *(.rela.gnu.linkonce.t*)

.rel.fini
 *(.rel.fini)

.rela.fini
 *(.rela.fini)

.rel.rodata
 *(.rel.rodata)
 *(.rel.rodata.*)
 *(.rel.gnu.linkonce.r*)

.rela.rodata
 *(.rela.rodata)
 *(.rela.rodata.*)
 *(.rela.gnu.linkonce.r*)

.rel.data
 *(.rel.data)
 *(.rel.data.*)
 *(.rel.gnu.linkonce.d*)

.rela.data
 *(.rela.data)
 *(.rela.data.*)
 *(.rela.gnu.linkonce.d*)

.rel.ctors
 *(.rel.ctors)

.rela.ctors
 *(.rela.ctors)

.rel.dtors
 *(.rel.dtors)

.rela.dtors
 *(.rela.dtors)

.rel.got
 *(.rel.got)

.rela.got
 *(.rela.got)

.rel.bss
 *(.rel.bss)

.rela.bss
 *(.rela.bss)

.rel.plt
 *(.rel.plt)

.rela.plt
 *(.rela.plt)

.text           0x0000000000000000      0x1ba
 *(.vectors)
 *(.vectors)
 *(.progmem.gcc*)
                0x0000000000000000                . = ALIGN (0x2)
                0x0000000000000000                __trampolines_start = .
 *(.trampolines)
 .trampolines   0x0000000000000000        0x0 linker stubs
 *(.trampolines*)
                0x0000000000000000                __trampolines_end = .
 *libprintf_flt.a:*(.progmem.data)
 *libc.a:*(.progmem.data)
 *(.progmem*)
                0x0000000000000000                . = ALIGN (0x2)
 *(.jumptables)
 *(.jumptables*)
 *(.lowtext)
 *(.lowtext*)
                0x0000000000000000                __ctors_start = .
 *(.ctors)
                0x0000000000000000                __ctors_end = .
                0x0000000000000000                __dtors_start = .
 *(.dtors)
                0x0000000000000000                __dtors_end = .
 SORT(*)(.ctors)
 SORT(*)(.dtors)
 *(.init0)
 *(.init0)
 *(.init1)
 *(.init1)
 *(.init2)
 *(.init2)
 *(.init3)
 *(.init3)
 *(.init4)
 *(.init4)
 *(.init5)
 *(.init5)
 *(.init6)
 *(.init6)
 *(.init7)
 *(.init7)
 *(.init8)
 .init8         0x0000000000000000        0x4 /tmp/ccj9tUBi.o
                0x0000000000000000                pre_main
 *(.init8)
 *(.init9)
 .init9         0x0000000000000004      0x144 /tmp/ccj9tUBi.o
                0x0000000000000004                main
 *(.init9)
 *(.text)
 .text          0x0000000000000148       0x72 /tmp/ccj9tUBi.o
                0x0000000000000148                putch
                0x0000000000000156                getch
                0x000000000000016e                watchdogConfig
                0x0000000000000180                verifySpace
                0x00000000000001ba                . = ALIGN (0x2)
 *(.text.*)
                0x00000000000001ba                . = ALIGN (0x2)
 *(.fini9)
 *(.fini9)
 *(.fini8)
 *(.fini8)
 *(.fini7)
 *(.fini7)
 *(.fini6)
 *(.fini6)
 *(.fini5)
 *(.fini5)
 *(.fini4)
 *(.fini4)
 *(.fini3)
 *(.fini3)
 *(.fini2)
 *(.fini2)
 *(.fini1)
 *(.fini1)
 *(.fini0)
 *(.fini0)
                0x00000000000001ba                _etext = .

.rodata
 *(.rodata)
 *(.rodata*)
 *(.gnu.linkonce.r*)

.data           0x0000000000802800        0x0 load address 0x00000000000001ba
                [!provide]                        PROVIDE (__data_start, .)
 *(.data)
 .data          0x0000000000802800        0x0 /tmp/ccj9tUBi.o
 *(.data*)
 *(.gnu.linkonce.d*)
                0x0000000000802800                . = ALIGN (0x2)
                0x0000000000802800                _edata = .
                [!provide]                        PROVIDE (__data_end, .)

.bss            0x0000000000802800        0x0
                [!provide]                        PROVIDE (__bss_start, .)
 *(.bss)
 .bss           0x0000000000802800        0x0 /tmp/ccj9tUBi.o
 *(.bss*)
 *(COMMON)
                [!provide]                        PROVIDE (__bss_end, .)
                0x00000000000001ba                __data_load_start = LOADADDR (.data)
                0x00000000000001ba                __data_load_end = (__data_load_start + SIZEOF (.data))

.noinit         0x0000000000802800        0x0
                [!provide]                        PROVIDE (__noinit_start, .)
 *(.noinit*)
                [!provide]                        PROVIDE (__noinit_end, .)
                0x0000000000802800                _end = .
                [!provide]                        PROVIDE (__heap_start, .)

.eeprom         0x0000000000810000        0x0
 *(.eeprom*)
                0x0000000000810000                __eeprom_end = .

.fuse           0x0000000000820000        0x9
 *(.fuse)
 .fuse          0x0000000000820000        0x9 /tmp/ccj9tUBi.o
                0x0000000000820000                __fuse
 *(.lfuse)
 *(.hfuse)
 *(.efuse)

.lock
 *(.lock*)

.signature
 *(.signature*)

.user_signatures
 *(.user_signatures*)

.stab
 *(.stab)

.stabstr
 *(.stabstr)

.stab.excl
 *(.stab.excl)

.stab.exclstr
 *(.stab.exclstr)

.stab.index
 *(.stab.index)

.stab.indexstr
 *(.stab.indexstr)

.comment        0x0000000000000000       0x11
 *(.comment)
 .comment       0x0000000000000000       0x11 /tmp/ccj9tUBi.o
                                         0x12 (size before relaxing)

.note.gnu.build-id
 *(.note.gnu.build-id)

.debug
 *(.debug)

.line
 *(.line)

.debug_srcinfo
 *(.debug_srcinfo)

.debug_sfnames
 *(.debug_sfnames)

.debug_aranges  0x0000000000000000       0x38
 *(.debug_aranges)
 .debug_aranges
                0x0000000000000000       0x38 /tmp/ccj9tUBi.o

.debug_pubnames
 *(.debug_pubnames)

.debug_info     0x0000000000000000     0x1049
 *(.debug_info .gnu.linkonce.wi.*)
 .debug_info    0x0000000000000000     0x1049 /tmp/ccj9tUBi.o

.debug_abbrev   0x0000000000000000      0x2af
 *(.debug_abbrev)
 .debug_abbrev  0x0000000000000000      0x2af /tmp/ccj9tUBi.o

.debug_line     0x0000000000000000      0x3f1
 *(.debug_line .debug_line.* .debug_line_end)
 .debug_line    0x0000000000000000      0x3f1 /tmp/ccj9tUBi.o

.debug_frame    0x0000000000000000       0xac
 *(.debug_frame)
 .debug_frame   0x0000000000000000       0xac /tmp/ccj9tUBi.o

.debug_str      0x0000000000000000      0xa04
 *(.debug_str)
 .debug_str     0x0000000000000000      0xa04 /tmp/ccj9tUBi.o
                                        0xa61 (size before relaxing)

.debug_loc      0x0000000000000000      0x241
 *(.debug_loc)
 .debug_loc     0x0000000000000000      0x241 /tmp/ccj9tUBi.o

.debug_macinfo
 *(.debug_macinfo)

.debug_weaknames
 *(.debug_weaknames)

.debug_funcnames
 *(.debug_funcnames)

.debug_typenames
 *(.debug_typenames)

.debug_varnames
 *(.debug_varnames)

.debug_pubtypes
 *(.debug_pubtypes)

.debug_ranges   0x0000000000000000       0x28
 *(.debug_ranges)
 .debug_ranges  0x0000000000000000       0x28 /tmp/ccj9tUBi.o

.debug_macro
 *(.debug_macro)
OUTPUT(bootloaders/mega0/115200/Optiboot_mega0_UART2_DEF_115200_A7.elf elf32-avr)
LOAD linker stubs

.application    0x0000000000000200       0x32
 .application   0x0000000000000200       0x32 /tmp/ccj9tUBi.o
                0x0000000000000200                app

.version        0x00000000000001fe        0x2
 .version       0x00000000000001fe        0x2 /tmp/ccj9tUBi.o
                0x00000000000001fe                optiboot_version
